---
source: crates/package-graph/tests/package_graph_test.rs
expression: graph.to_dot()
---
digraph {
    0 [ label = "\"polyrepo\"" ]
}

